// Jest Snapshot v1, https://goo.gl/fbAQLP

exports[`Landing Component renders UI as expected if not logged in 1`] = `
<div
  className="Landing"
>
  <section
    className="title"
  >
    <h1>
      The Plant Shelf
    </h1>
    <p>
      Find the right plant for you and add it to your plant wishlist!
    </p>
    <Link
      to="/quiz"
    >
      <button
        className="find-match"
      >
        Find my match &gt;
      </button>
    </Link>
  </section>
  <section
    className="lower"
  >
    <Link
      to="/login"
    >
      <button
        className="login-landing-button"
      >
        Login to show my wishlist
      </button>
    </Link>
  </section>
</div>
`;
